[0m23:43:01.545785 [debug] [MainThread]: Sending event: {'category': 'dbt', 'action': 'invocation', 'label': 'start', 'context': [<snowplow_tracker.self_describing_json.SelfDescribingJson object at 0x10921acf0>, <snowplow_tracker.self_describing_json.SelfDescribingJson object at 0x10aa86850>, <snowplow_tracker.self_describing_json.SelfDescribingJson object at 0x10aa86ad0>]}


============================== 23:43:01.549432 | 394d2415-c650-45af-ae80-29d480bc4c87 ==============================
[0m23:43:01.549432 [info ] [MainThread]: Running with dbt=1.12.5
[0m23:43:01.549787 [debug] [MainThread]: running dbt with arguments {'warn_error': 'None', 'cache_selected_only': 'False', 'log_format': 'default', 'empty': 'None', 'log_cache_events': 'False', 'introspect': 'True', 'log_path': 'logs', 'send_anonymous_usage_stats': 'True', 'partial_parse': 'True', 'invocation_command': 'dbt init dbt', 'target_path': 'None', 'warn_error_options': 'WarnErrorOptionsV2(error=[], warn=[], silence=[])', 'write_json': 'True', 'static_parser': 'True', 'no_print': 'None', 'printer_width': '80', 'use_experimental_parser': 'False', 'fail_fast': 'False', 'profiles_dir': '/Users/gregoryjoshua/.dbt', 'debug': 'False', 'quiet': 'False', 'version_check': 'True', 'indirect_selection': 'eager', 'hints_enabled': 'True', 'maximum_seed_size_mib': '1', 'use_colors': 'True'}
[0m23:43:21.332272 [debug] [MainThread]: Starter project path: /Users/gregoryjoshua/Desktop/Desktop - Gregoua’s MacBook Air/SF-State/BS895/kp-marketplace-analysis/.venv/lib/python3.14/site-packages/dbt/include/starter_project
[0m23:43:21.345402 [info ] [MainThread]: Setting up your profile.
[0m23:43:26.882473 [info ] [MainThread]: Running dbt debug to validate the project...
[0m23:43:26.882903 [info ] [MainThread]: dbt version: 1.12.5
[0m23:43:26.883063 [info ] [MainThread]: python version: 3.14.7
[0m23:43:26.883196 [info ] [MainThread]: python path: /Users/gregoryjoshua/Desktop/Desktop - Gregoua’s MacBook Air/SF-State/BS895/kp-marketplace-analysis/.venv/bin/python3.14
[0m23:43:26.883331 [info ] [MainThread]: os info: macOS-26.6.2-arm64-arm-64bit-Mach-O
[0m23:43:26.914757 [info ] [MainThread]: Using profiles dir at /Users/gregoryjoshua/.dbt
[0m23:43:26.915084 [info ] [MainThread]: Using profiles.yml file at /Users/gregoryjoshua/.dbt/profiles.yml
[0m23:43:26.915291 [info ] [MainThread]: Using dbt_project.yml file at /Users/gregoryjoshua/Desktop/Desktop - Gregoua’s MacBook Air/SF-State/BS895/kp-marketplace-analysis/kp_analysis/dbt_project.yml
[0m23:43:26.916586 [info ] [MainThread]: adapter type: duckdb
[0m23:43:26.916761 [info ] [MainThread]: adapter version: 1.11.0
[0m23:43:26.969842 [info ] [MainThread]: Configuration:
[0m23:43:26.970105 [info ] [MainThread]:   profiles.yml file [[32mOK found and valid[0m]
[0m23:43:26.970257 [info ] [MainThread]:   dbt_project.yml file [[32mOK found and valid[0m]
[0m23:43:26.970416 [info ] [MainThread]: Required dependencies:
[0m23:43:26.970727 [debug] [MainThread]: Executing "git --help"
[0m23:43:26.990423 [debug] [MainThread]: STDOUT: "b"usage: git [-v | --version] [-h | --help] [-C <path>] [-c <name>=<value>]\n           [--exec-path[=<path>]] [--html-path] [--man-path] [--info-path]\n           [-p | --paginate | -P | --no-pager] [--no-replace-objects] [--no-lazy-fetch]\n           [--no-optional-locks] [--no-advice] [--bare] [--git-dir=<path>]\n           [--work-tree=<path>] [--namespace=<name>] [--config-env=<name>=<envvar>]\n           <command> [<args>]\n\nThese are common Git commands used in various situations:\n\nstart a working area (see also: git help tutorial)\n   clone      Clone a repository into a new directory\n   init       Create an empty Git repository or reinitialize an existing one\n\nwork on the current change (see also: git help everyday)\n   add        Add file contents to the index\n   mv         Move or rename a file, a directory, or a symlink\n   restore    Restore working tree files\n   rm         Remove files from the working tree and from the index\n\nexamine the history and state (see also: git help revisions)\n   bisect     Use binary search to find the commit that introduced a bug\n   diff       Show changes between commits, commit and working tree, etc\n   grep       Print lines matching a pattern\n   log        Show commit logs\n   show       Show various types of objects\n   status     Show the working tree status\n\ngrow, mark and tweak your common history\n   backfill   Download missing objects in a partial clone\n   branch     List, create, or delete branches\n   commit     Record changes to the repository\n   merge      Join two or more development histories together\n   rebase     Reapply commits on top of another base tip\n   reset      Reset current HEAD to the specified state\n   switch     Switch branches\n   tag        Create, list, delete or verify a tag object signed with GPG\n\ncollaborate (see also: git help workflows)\n   fetch      Download objects and refs from another repository\n   pull       Fetch from and integrate with another repository or a local branch\n   push       Update remote refs along with associated objects\n\n'git help -a' and 'git help -g' list available subcommands and some\nconcept guides. See 'git help <command>' or 'git help <concept>'\nto read about a specific subcommand or concept.\nSee 'git help git' for an overview of the system.\n""
[0m23:43:26.990990 [debug] [MainThread]: STDERR: "b''"
[0m23:43:26.991170 [info ] [MainThread]:  - git [[32mOK found[0m]

[0m23:43:26.991342 [info ] [MainThread]: Connection:
[0m23:43:26.991512 [info ] [MainThread]:   database: dev
[0m23:43:26.991644 [info ] [MainThread]:   schema: main
[0m23:43:26.991767 [info ] [MainThread]:   path: dev.duckdb
[0m23:43:26.991892 [info ] [MainThread]:   config_options: None
[0m23:43:26.992015 [info ] [MainThread]:   extensions: None
[0m23:43:26.992201 [info ] [MainThread]:   settings: {}
[0m23:43:26.992386 [info ] [MainThread]:   external_root: .
[0m23:43:26.992524 [info ] [MainThread]:   use_credential_provider: None
[0m23:43:26.992657 [info ] [MainThread]:   attach: None
[0m23:43:26.992781 [info ] [MainThread]:   filesystems: None
[0m23:43:26.992905 [info ] [MainThread]:   remote: None
[0m23:43:26.993027 [info ] [MainThread]:   plugins: None
[0m23:43:26.993146 [info ] [MainThread]:   disable_transactions: False
[0m23:43:26.993493 [info ] [MainThread]: Registered adapter: duckdb=1.11.0
[0m23:43:27.067750 [debug] [MainThread]: Acquiring new duckdb connection 'debug'
[0m23:43:27.111009 [debug] [MainThread]: Using duckdb connection "debug"
[0m23:43:27.111238 [debug] [MainThread]: On debug: select 1 as id
[0m23:43:27.111381 [debug] [MainThread]: Opening a new connection, currently in state init
[0m23:43:27.119050 [debug] [MainThread]: SQL status: OK in 0.008 seconds
[0m23:43:27.119519 [debug] [MainThread]: On debug: Close
[0m23:43:27.119723 [info ] [MainThread]:   Connection test: [[32mOK connection ok[0m]

[0m23:43:27.119875 [info ] [MainThread]: [32mAll checks passed![0m
[0m23:43:27.120087 [info ] [MainThread]: Your new dbt project "kp_analysis" was created!
Initialized new project in /Users/gregoryjoshua/Desktop/Desktop - Gregoua’s MacBook Air/SF-State/BS895/kp-marketplace-analysis/kp_analysis/kp_analysis

For more information on how to configure the profiles.yml file,
please consult the dbt documentation here:

  https://docs.getdbt.com/docs/configure-your-profile

One more thing:

Need help? Don't hesitate to reach out to us via GitHub issues or on Slack:

  https://community.getdbt.com/

Happy modeling!

[0m23:43:27.125269 [debug] [MainThread]: Resource report: {"command_name": "init", "command_success": true, "command_wall_clock_time": 25.648232, "process_in_blocks": "0", "process_kernel_time": 0.271351, "process_mem_max_rss": "163332096", "process_out_blocks": "0", "process_user_time": 0.999028}
[0m23:43:27.125561 [debug] [MainThread]: Command `dbt init` succeeded at 23:43:27.125502 after 25.65 seconds
[0m23:43:27.125730 [debug] [MainThread]: Connection 'debug' was properly closed.
[0m23:43:27.125913 [debug] [MainThread]: Sending event: {'category': 'dbt', 'action': 'invocation', 'label': 'end', 'context': [<snowplow_tracker.self_describing_json.SelfDescribingJson object at 0x10a8a2b10>, <snowplow_tracker.self_describing_json.SelfDescribingJson object at 0x10abab890>, <snowplow_tracker.self_describing_json.SelfDescribingJson object at 0x10ab0bce0>]}
[0m23:43:27.126144 [debug] [MainThread]: Flushing usage events
[0m23:43:27.580580 [debug] [MainThread]: An error was encountered while trying to flush usage events
